 
****************************************
Report : area
Design : mp0
Version: R-2020.09-SP4
Date   : Fri Sep  8 07:52:09 2023
****************************************

Information: Updating design information... (UID-85)
Library(s) Used:

    NangateOpenCellLibrary (File: /class/ece411/freepdk-45nm/stdcells.db)

Number of ports:                          228
Number of nets:                          5468
Number of cells:                         5305
Number of combinational cells:           4312
Number of sequential cells:               992
Number of macros/black boxes:               0
Number of buf/inv:                        800
Number of references:                       3

Combinational area:               4474.918032
Buf/Inv area:                      602.489986
Noncombinational area:            4485.823837
Macro/Black Box area:                0.000000
Net Interconnect area:      undefined  (Wire load has zero net area)

Total cell area:                  8960.741869
Total area:                 undefined
1
